2022-07-22T07:01:07.870+0000: [GC (Allocation Failure) [PSYoungGen: 6836372K->67483K(6859776K)] 9641891K->2873002K(20898304K), 0.0567580 secs] [Times: user=0.14 sys=0.00, real=0.05 secs] 
2022-07-22T07:02:25.785+0000: [GC (System.gc()) [PSYoungGen: 2063330K->48042K(6870528K)] 4868849K->2853561K(20909056K), 0.0416841 secs] [Times: user=0.12 sys=0.00, real=0.04 secs] 
2022-07-22T07:02:25.827+0000: [Full GC (System.gc()) [PSYoungGen: 48042K->0K(6870528K)] [ParOldGen: 2805519K->2808542K(14038528K)] 2853561K->2808542K(20909056K), [Metaspace: 314974K->314631K(1361920K)], 6.3488565 secs] [Times: user=23.21 sys=0.22, real=6.35 secs] 
2022-07-22T07:08:08.424+0000: [GC (Allocation Failure) [PSYoungGen: 6718464K->50509K(6866944K)] 9527006K->2859051K(20905472K), 0.0526831 secs] [Times: user=0.16 sys=0.00, real=0.05 secs] 
2022-07-22T07:14:19.676+0000: [GC (Allocation Failure) [PSYoungGen: 6768973K->50498K(6878720K)] 9577515K->2859040K(20917248K), 0.0371054 secs] [Times: user=0.11 sys=0.00, real=0.04 secs] 
2022-07-22T07:20:13.269+0000: [GC (Allocation Failure) [PSYoungGen: 6784834K->53872K(6874624K)] 9593376K->2862414K(20913152K), 0.0440703 secs] [Times: user=0.12 sys=0.01, real=0.05 secs] 
2022-07-22T07:26:07.891+0000: [GC (Allocation Failure) [PSYoungGen: 6788208K->76693K(6886400K)] 9596750K->2885235K(20924928K), 0.0531207 secs] [Times: user=0.15 sys=0.01, real=0.05 secs] 
2022-07-22T07:32:07.661+0000: [GC (Allocation Failure) [PSYoungGen: 6827413K->76261K(6883328K)] 9635955K->2884803K(20921856K), 0.0440576 secs] [Times: user=0.12 sys=0.00, real=0.05 secs] 
2022-07-22T07:32:25.785+0000: [GC (System.gc()) [PSYoungGen: 1070080K->36170K(6890496K)] 3878622K->2844720K(20929024K), 0.0265668 secs] [Times: user=0.08 sys=0.00, real=0.03 secs] 
2022-07-22T07:32:25.812+0000: [Full GC (System.gc()) [PSYoungGen: 36170K->0K(6890496K)] [ParOldGen: 2808550K->2803595K(14038528K)] 2844720K->2803595K(20929024K), [Metaspace: 314936K->314661K(1361920K)], 6.1819739 secs] [Times: user=22.40 sys=0.21, real=6.18 secs] 
2022-07-22T07:38:08.697+0000: [GC (Allocation Failure) [PSYoungGen: 6761472K->49756K(6889984K)] 9565067K->2853352K(20928512K), 0.0446618 secs] [Times: user=0.11 sys=0.01, real=0.05 secs] 
2022-07-22T07:43:36.811+0000: [GC (Allocation Failure) [PSYoungGen: 6811228K->120089K(6864384K)] 9614824K->2923693K(20902912K), 0.0432234 secs] [Times: user=0.14 sys=0.00, real=0.04 secs] 
2022-07-22T07:49:08.622+0000: [GC (Allocation Failure) [PSYoungGen: 6859545K->79669K(6879232K)] 9663149K->2883273K(20917760K), 0.0463764 secs] [Times: user=0.14 sys=0.00, real=0.04 secs] 
2022-07-22T07:55:21.312+0000: [GC (Allocation Failure) [PSYoungGen: 6819125K->60365K(6887424K)] 9622729K->2863977K(20925952K), 0.0460906 secs] [Times: user=0.13 sys=0.00, real=0.04 secs] 
